--------- beginning of system
08-26 19:14:51.286 13671 13671 E ActivityThread: Failed to find provider info for com.ztgame.mobileappsdk.logswitch
08-26 19:14:51.342 13671 13671 D WindowManagerImpl: addView displayId=0 0
08-26 19:14:51.343 13671 13671 D WindowManagerImpl: addView displayId33= 0
08-26 19:14:51.349 13671 13671 D SystemServiceRegistry:  zuiHandwriting new zuihandwritingmanager
08-26 19:14:51.430 13671 13671 D OvcEditorInfoUtils[OV_IME]: bindActivityTokenIfNeeded, create extras for pkgName: com.tipsworks.android.pascalswager.taptap
08-26 19:14:51.441 13671 13671 D OvcEditorInfoUtils[OV_IME]: bindActivityTokenIfNeeded, create extras for pkgName: com.tipsworks.android.pascalswager.taptap
--------- beginning of main
08-26 19:14:56.127 13671 13799 W Unity   : The referenced script on this Behaviour (Game Object '<null>') is missing!
08-26 19:14:56.127 13671 13799 W Unity   : FMODUnity.Settings:get_Instance()
08-26 19:14:56.127 13671 13799 W Unity   : FMODUnity.RuntimeManager:Initialize()
08-26 19:14:56.127 13671 13799 W Unity   : FMODUnity.RuntimeManager:get_Instance()
08-26 19:14:56.127 13671 13799 W Unity   : FMODUnity.RuntimeManager:get_StudioSystem()
08-26 19:14:56.127 13671 13799 W Unity   : FMODUnity.RuntimeManager:AddListener(Int32)
08-26 19:14:56.127 13671 13799 W Unity   : FMODUnity.StudioListener:OnEnable()
08-26 19:14:56.127 13671 13799 W Unity   : 
08-26 19:14:56.127 13671 13799 W Unity   : [ line 294] 
08-26 19:14:56.127 13671 13799 W Unity   : (Filename:  Line: 294)
08-26 19:14:56.127 13671 13799 W Unity   : 
08-26 19:14:56.127 13671 13799 E Unity   : A scripted object (script unknown or not yet loaded) has a different serialization layout when loading. (Read 52 bytes but expected 2392 bytes)
08-26 19:14:56.127 13671 13799 E Unity   : Did you #ifdef UNITY_EDITOR a section of your serialized properties in any of your scripts?
08-26 19:14:56.127 13671 13799 E Unity   : FMODUnity.Settings:get_Instance()
08-26 19:14:56.127 13671 13799 E Unity   : FMODUnity.RuntimeManager:Initialize()
08-26 19:14:56.127 13671 13799 E Unity   : FMODUnity.RuntimeManager:get_Instance()
08-26 19:14:56.127 13671 13799 E Unity   : FMODUnity.RuntimeManager:get_StudioSystem()
08-26 19:14:56.127 13671 13799 E Unity   : FMODUnity.RuntimeManager:AddListener(Int32)
08-26 19:14:56.127 13671 13799 E Unity   : FMODUnity.StudioListener:OnEnable()
08-26 19:14:56.127 13671 13799 E Unity   : 
08-26 19:14:56.127 13671 13799 E Unity   : [ line 2002] 
08-26 19:14:56.127 13671 13799 E Unity   : (Filename:  Line: 2002)
08-26 19:14:56.127 13671 13799 E Unity   : 
08-26 19:14:56.128 13671 13799 I Unity   : [FMOD] Device LENOVO TB321FU classed as MobileHigh
08-26 19:14:56.128 13671 13799 I Unity   : FMODUnity.RuntimeUtils:GetCurrentPlatform()
08-26 19:14:56.128 13671 13799 I Unity   : FMODUnity.RuntimeManager:Initialize()
08-26 19:14:56.128 13671 13799 I Unity   : FMODUnity.RuntimeManager:get_Instance()
08-26 19:14:56.128 13671 13799 I Unity   : FMODUnity.RuntimeManager:get_StudioSystem()
08-26 19:14:56.128 13671 13799 I Unity   : FMODUnity.RuntimeManager:AddListener(Int32)
08-26 19:14:56.128 13671 13799 I Unity   : FMODUnity.StudioListener:OnEnable()
08-26 19:14:56.128 13671 13799 I Unity   :  
08-26 19:14:56.128 13671 13799 I Unity   : (Filename: ./Runtime/Export/Debug.bindings.h Line: 45)
08-26 19:14:56.128 13671 13799 I Unity   : 
08-26 19:14:56.130 13671 13799 W GLTools : Dlopening /data/app/~~UcbruVBoiHQTd8f0ObL7tw==/com.tipsworks.android.pascalswager.taptap-G9qqz4yvQAYDQt5YZ_cHQA==/lib/arm64/libfmodstudio.so...
08-26 19:14:56.133 13671 13799 W GLTools : Dlopening /data/app/~~UcbruVBoiHQTd8f0ObL7tw==/com.tipsworks.android.pascalswager.taptap-G9qqz4yvQAYDQt5YZ_cHQA==/lib/arm64/libfmodstudio.so...
08-26 19:14:56.135 13671 13799 W GLTools : Dlopening /data/app/~~UcbruVBoiHQTd8f0ObL7tw==/com.tipsworks.android.pascalswager.taptap-G9qqz4yvQAYDQt5YZ_cHQA==/lib/arm64/libfmodstudio.so...
08-26 19:14:56.137 13671 13799 W GLTools : Dlopening /data/app/~~UcbruVBoiHQTd8f0ObL7tw==/com.tipsworks.android.pascalswager.taptap-G9qqz4yvQAYDQt5YZ_cHQA==/lib/arm64/libfmodstudio.so...
08-26 19:14:56.139 13671 13799 W GLTools : Dlopening /data/app/~~UcbruVBoiHQTd8f0ObL7tw==/com.tipsworks.android.pascalswager.taptap-G9qqz4yvQAYDQt5YZ_cHQA==/lib/arm64/libfmod.so...
08-26 19:14:56.141 13671 13799 W GLTools : Dlopening /data/app/~~UcbruVBoiHQTd8f0ObL7tw==/com.tipsworks.android.pascalswager.taptap-G9qqz4yvQAYDQt5YZ_cHQA==/lib/arm64/libfmod.so...
08-26 19:14:56.149 13671 13799 I AudioManager: In isBluetoothScoOn(), calling application: com.tipsworks.android.pascalswager.taptap
08-26 19:14:56.150 13671 13799 I fmod    : FMOD::supportsLowLatency                 : Low latency = true, Pro Audio = false, Bluetooth On = false, Acceptable Block Size = true (192)
08-26 19:14:56.150 13671 13799 W GLTools : Dlopening /data/app/~~UcbruVBoiHQTd8f0ObL7tw==/com.tipsworks.android.pascalswager.taptap-G9qqz4yvQAYDQt5YZ_cHQA==/lib/arm64/libfmod.so...
08-26 19:14:56.152 13671 13799 W GLTools : Dlopening /data/app/~~UcbruVBoiHQTd8f0ObL7tw==/com.tipsworks.android.pascalswager.taptap-G9qqz4yvQAYDQt5YZ_cHQA==/lib/arm64/libfmod.so...
08-26 19:14:56.154 13671 13799 W GLTools : Dlopening /data/app/~~UcbruVBoiHQTd8f0ObL7tw==/com.tipsworks.android.pascalswager.taptap-G9qqz4yvQAYDQt5YZ_cHQA==/lib/arm64/libfmod.so...
08-26 19:14:56.156 13671 13799 W GLTools : Dlopening /data/app/~~UcbruVBoiHQTd8f0ObL7tw==/com.tipsworks.android.pascalswager.taptap-G9qqz4yvQAYDQt5YZ_cHQA==/lib/arm64/libfmod.so...
08-26 19:14:56.158 13671 13799 W GLTools : Dlopening /data/app/~~UcbruVBoiHQTd8f0ObL7tw==/com.tipsworks.android.pascalswager.taptap-G9qqz4yvQAYDQt5YZ_cHQA==/lib/arm64/libfmod.so...
08-26 19:14:56.160 13671 13799 W GLTools : Dlopening /data/app/~~UcbruVBoiHQTd8f0ObL7tw==/com.tipsworks.android.pascalswager.taptap-G9qqz4yvQAYDQt5YZ_cHQA==/lib/arm64/libfmod.so...
08-26 19:14:56.162 13671 13799 W GLTools : Dlopening /data/app/~~UcbruVBoiHQTd8f0ObL7tw==/com.tipsworks.android.pascalswager.taptap-G9qqz4yvQAYDQt5YZ_cHQA==/lib/arm64/libfmodstudio.so...
08-26 19:14:56.164 13671 13799 W GLTools : Dlopening /data/app/~~UcbruVBoiHQTd8f0ObL7tw==/com.tipsworks.android.pascalswager.taptap-G9qqz4yvQAYDQt5YZ_cHQA==/lib/arm64/libfmodstudio.so...
08-26 19:14:56.166 13671 13799 W GLTools : Dlopening libandroid.so...
08-26 19:14:56.169 13671 13799 W GLTools : Dlopening libOpenSLES.so...
08-26 19:14:56.172 13671 13799 D alswager.taptap: PlayerBase::PlayerBase()
08-26 19:14:56.172 13671 13799 D alswager.taptap: TrackPlayerBase::TrackPlayerBase()
08-26 19:14:56.172 13671 13799 I libOpenSLES: Emulating old channel mask behavior (ignoring positional mask 0x3, using default mask 0x3 based on channel count of 2)
08-26 19:14:56.172 13671 13799 D AudioTrack: set(): streamType -1, sampleRate 48000, format 0x1, channelMask 0x3, frameCount 0, flags 0x104, notificationFrames -2, sessionId 5529, transferType 0, uid -1, pid -1
08-26 19:14:56.182 13671 13799 D AudioTrack: createTrack_l(): RelativeVolumeFeature, mStreamType -1, streamType 3, sessionId 5529, attributes: usage=1 content=0 flags=0x100 tags=[], mAudioTrackClientInfo: uid=10320 pid=13671 percentage=1.000000 clientId=450
08-26 19:14:56.183 13671 13799 D AudioTrack: createTrack_l: RelativeVolumeFeature, mRelativePercentage:1.000000 left:1.000000 right:1.000000
08-26 19:14:56.186 13671 13671 D MediaRouter: onRestoreRoute() : route=RouteInfo{ name=平板电脑, description=null, status=null, category=RouteCategory{ name=系统 types=ROUTE_TYPE_LIVE_AUDIO ROUTE_TYPE_LIVE_VIDEO  groupable=false }, supportedTypes=ROUTE_TYPE_LIVE_AUDIO ROUTE_TYPE_LIVE_VIDEO , presentationDisplay=null }
08-26 19:14:56.186 13671 13671 V MediaRouter: Selecting route: RouteInfo{ name=平板电脑, description=null, status=null, category=RouteCategory{ name=系统 types=ROUTE_TYPE_LIVE_AUDIO ROUTE_TYPE_LIVE_VIDEO  groupable=false }, supportedTypes=ROUTE_TYPE_LIVE_AUDIO ROUTE_TYPE_LIVE_VIDEO , presentationDisplay=null }
08-26 19:14:56.195 13671 13799 W GLTools : Dlopening /data/app/~~UcbruVBoiHQTd8f0ObL7tw==/com.tipsworks.android.pascalswager.taptap-G9qqz4yvQAYDQt5YZ_cHQA==/lib/arm64/libfmodstudio.so...
08-26 19:14:56.199 13671 13799 W GLTools : Dlopening /data/app/~~UcbruVBoiHQTd8f0ObL7tw==/com.tipsworks.android.pascalswager.taptap-G9qqz4yvQAYDQt5YZ_cHQA==/lib/arm64/libfmodstudio.so...
08-26 19:14:56.269 13671 13799 W GLTools : Dlopening /data/app/~~UcbruVBoiHQTd8f0ObL7tw==/com.tipsworks.android.pascalswager.taptap-G9qqz4yvQAYDQt5YZ_cHQA==/lib/arm64/libfmodstudio.so...
08-26 19:14:56.274 13671 13799 W GLTools : Dlopening /data/app/~~UcbruVBoiHQTd8f0ObL7tw==/com.tipsworks.android.pascalswager.taptap-G9qqz4yvQAYDQt5YZ_cHQA==/lib/arm64/libfmodstudio.so...
08-26 19:14:56.277 13671 13799 W GLTools : Dlopening /data/app/~~UcbruVBoiHQTd8f0ObL7tw==/com.tipsworks.android.pascalswager.taptap-G9qqz4yvQAYDQt5YZ_cHQA==/lib/arm64/libfmodstudio.so...
08-26 19:14:56.280 13671 13799 W GLTools : Dlopening /data/app/~~UcbruVBoiHQTd8f0ObL7tw==/com.tipsworks.android.pascalswager.taptap-G9qqz4yvQAYDQt5YZ_cHQA==/lib/arm64/libfmodstudio.so...
08-26 19:14:56.282 13671 13799 W GLTools : Dlopening /data/app/~~UcbruVBoiHQTd8f0ObL7tw==/com.tipsworks.android.pascalswager.taptap-G9qqz4yvQAYDQt5YZ_cHQA==/lib/arm64/libfmodstudio.so...
08-26 19:14:56.285 13671 13799 W GLTools : Dlopening /data/app/~~UcbruVBoiHQTd8f0ObL7tw==/com.tipsworks.android.pascalswager.taptap-G9qqz4yvQAYDQt5YZ_cHQA==/lib/arm64/libfmodstudio.so...
08-26 19:14:56.302 13671 13671 W GLTools : Dlopening_ext /data/app/~~UcbruVBoiHQTd8f0ObL7tw==/com.tipsworks.android.pascalswager.taptap-G9qqz4yvQAYDQt5YZ_cHQA==/lib/arm64/libBugly.so...
08-26 19:14:56.303 13671 13799 W GLTools : Dlopening /data/app/~~UcbruVBoiHQTd8f0ObL7tw==/com.tipsworks.android.pascalswager.taptap-G9qqz4yvQAYDQt5YZ_cHQA==/lib/arm64/libfmodstudio.so...
08-26 19:14:56.306 13671 13799 W GLTools : Dlopening /data/app/~~UcbruVBoiHQTd8f0ObL7tw==/com.tipsworks.android.pascalswager.taptap-G9qqz4yvQAYDQt5YZ_cHQA==/lib/arm64/libfmodstudio.so...
08-26 19:14:56.308 13671 13799 W GLTools : Dlopening /data/app/~~UcbruVBoiHQTd8f0ObL7tw==/com.tipsworks.android.pascalswager.taptap-G9qqz4yvQAYDQt5YZ_cHQA==/lib/arm64/libfmod.so...
08-26 19:14:56.305 13671 13671 W alswager.taptap: type=1400 audit(0.0:71773): avc:  denied  { read } for  name="anr" dev="dm-50" ino=20 scontext=u:r:untrusted_app_27:s0:c64,c257,c512,c768 tcontext=u:object_r:anr_data_file:s0 tclass=dir permissive=0 app=com.tipsworks.android.pascalswager.taptap
08-26 19:14:56.311 13671 13799 W GLTools : Dlopening /data/app/~~UcbruVBoiHQTd8f0ObL7tw==/com.tipsworks.android.pascalswager.taptap-G9qqz4yvQAYDQt5YZ_cHQA==/lib/arm64/libfmod.so...
08-26 19:14:56.318 13671 13990 W System.err: java.io.FileNotFoundException: /system/build.prop: open failed: EACCES (Permission denied)
08-26 19:14:56.318 13671 13990 W System.err: 	at libcore.io.IoBridge.open(IoBridge.java:574)
08-26 19:14:56.318 13671 13990 W System.err: 	at java.io.FileInputStream.<init>(FileInputStream.java:160)
08-26 19:14:56.318 13671 13990 W System.err: 	at java.io.FileInputStream.<init>(FileInputStream.java:115)
08-26 19:14:56.318 13671 13990 W System.err: 	at java.io.FileReader.<init>(FileReader.java:60)
08-26 19:14:56.318 13671 13990 W System.err: 	at com.tencent.bugly.crashreport.common.info.b.p(BUGLY:229)
08-26 19:14:56.318 13671 13990 W System.err: 	at com.tencent.bugly.crashreport.common.info.b.a(BUGLY:288)
08-26 19:14:56.318 13671 13990 W System.err: 	at com.tencent.bugly.crashreport.common.info.a.r(BUGLY:507)
08-26 19:14:56.318 13671 13990 W System.err: 	at com.tencent.bugly.proguard.a.a(BUGLY:160)
08-26 19:14:56.318 13671 13990 W System.err: 	at com.tencent.bugly.crashreport.biz.a.c(BUGLY:271)
08-26 19:14:56.318 13671 13990 W System.err: 	at com.tencent.bugly.crashreport.biz.a.a(BUGLY:35)
08-26 19:14:56.318 13671 13990 W System.err: 	at com.tencent.bugly.crashreport.biz.a$2.run(BUGLY:335)
08-26 19:14:56.318 13671 13990 W System.err: 	at java.util.concurrent.Executors$RunnableAdapter.call(Executors.java:487)
08-26 19:14:56.318 13671 13990 W System.err: 	at java.util.concurrent.FutureTask.run(FutureTask.java:264)
08-26 19:14:56.318 13671 13990 W System.err: 	at java.util.concurrent.ScheduledThreadPoolExecutor$ScheduledFutureTask.run(ScheduledThreadPoolExecutor.java:307)
08-26 19:14:56.318 13671 13990 W System.err: 	at java.util.concurrent.ThreadPoolExecutor.runWorker(ThreadPoolExecutor.java:1145)
08-26 19:14:56.318 13671 13990 W System.err: 	at java.util.concurrent.ThreadPoolExecutor$Worker.run(ThreadPoolExecutor.java:644)
08-26 19:14:56.318 13671 13990 W System.err: 	at java.lang.Thread.run(Thread.java:1012)
08-26 19:14:56.318 13671 13990 W System.err: Caused by: android.system.ErrnoException: open failed: EACCES (Permission denied)
08-26 19:14:56.318 13671 13990 W System.err: 	at libcore.io.Linux.open(Native Method)
08-26 19:14:56.318 13671 13990 W System.err: 	at libcore.io.ForwardingOs.open(ForwardingOs.java:563)
08-26 19:14:56.318 13671 13990 W System.err: 	at libcore.io.BlockGuardOs.open(BlockGuardOs.java:274)
08-26 19:14:56.318 13671 13990 W System.err: 	at libcore.io.ForwardingOs.open(ForwardingOs.java:563)
08-26 19:14:56.318 13671 13990 W System.err: 	at android.app.ActivityThread$AndroidOs.open(ActivityThread.java:8675)
08-26 19:14:56.319 13671 13990 W System.err: 	at libcore.io.IoBridge.open(IoBridge.java:560)
08-26 19:14:56.319 13671 13990 W System.err: 	... 16 more
08-26 19:14:56.320 13671 13995 D Choreographer: mBindCoreEnabled? true
08-26 19:14:56.321 13671 13995 D Choreographer: targetPkg: shi.benchmark2
08-26 19:14:56.321 13671 13995 D Choreographer: pidKey: shi.benchmark2
08-26 19:14:56.321 13671 13995 D Choreographer: commvalue: alswager.taptap
08-26 19:14:56.321 13671 13995 D Choreographer: pkg LuDaShipid13671 targetpid -1
08-26 19:14:56.321 13671 13995 D Choreographer: pkgLuDaShifalsetruefalse
08-26 19:14:56.321 13671 13995 D Choreographer: 3d Game policy LuDaShi enabled false
08-26 19:14:56.321 13671 13995 D Choreographer: targetPkg: duawan kiwi
08-26 19:14:56.321 13671 13995 D Choreographer: pidKey: duawan
08-26 19:14:56.321 13671 13995 D Choreographer: commvalue: alswager.taptap
08-26 19:14:56.322 13671 13995 D Choreographer: pkg HuYapid13671 targetpid -1
08-26 19:14:56.322 13671 13995 D Choreographer: pkgHuYafalsetruefalse
08-26 19:14:56.322 13671 13995 D Choreographer: 3d Game policy HuYa enabled false
08-26 19:14:56.322 13671 13995 D Choreographer: targetPkg: ugc.aweme
08-26 19:14:56.322 13671 13995 D Choreographer: pidKey: ugc.aweme
08-26 19:14:56.322 13671 13995 D Choreographer: commvalue: alswager.taptap
08-26 19:14:56.322 13671 13995 D Choreographer: pkg DouYinpid13671 targetpid -1
08-26 19:14:56.322 13671 13995 D Choreographer: pkgDouYinfalsetruefalse
08-26 19:14:56.322 13671 13995 D Choreographer: 3d Game policy DouYin enabled false
08-26 19:14:56.322 13671 13995 D Choreographer: targetPkg: jkchess
08-26 19:14:56.322 13671 13995 D Choreographer: pidKey: jkchess
08-26 19:14:56.322 13671 13995 D Choreographer: commvalue: alswager.taptap
08-26 19:14:56.322 13671 13995 D Choreographer: pkg JkChesspid13671 targetpid -1
08-26 19:14:56.322 13671 13995 D Choreographer: pkgJkChessfalsetruefalse
08-26 19:14:56.322 13671 13995 D Choreographer: 3d Game policy JkChess enabled false
08-26 19:14:56.323 13671 13995 D Choreographer: targetPkg: Yuanshen
08-26 19:14:56.323 13671 13995 D Choreographer: pidKey: Yuanshen
08-26 19:14:56.323 13671 13995 D Choreographer: commvalue: alswager.taptap
08-26 19:14:56.323 13671 13995 D Choreographer: targetPkg: toStch
08-26 19:14:56.323 13671 13995 D Choreographer: pidKey: toStch
08-26 19:14:56.323 13671 13995 D Choreographer: commvalue: alswager.taptap
08-26 19:14:56.323 13671 13995 D Choreographer: pkg Yuanshenpid13671 targetpid -1
08-26 19:14:56.323 13671 13995 D Choreographer: pkgYuanshenfalsetruefalse
08-26 19:14:56.323 13671 13995 D Choreographer: 3d Game policy Yuanshen enabled false
08-26 19:14:56.323 13671 13995 D Choreographer: targetPkg: MainThread-UE4
08-26 19:14:56.323 13671 13995 D Choreographer: pidKey: MainThread-UE4
08-26 19:14:56.323 13671 13995 D Choreographer: commvalue: alswager.taptap
08-26 19:14:56.323 13671 13995 D Choreographer: targetPkg: tmgp.pubg
08-26 19:14:56.323 13671 13995 D Choreographer: pidKey: tmgp.pubg
08-26 19:14:56.323 13671 13995 D Choreographer: commvalue: alswager.taptap
08-26 19:14:56.323 13671 13995 D Choreographer: pkg pubgpid13671 targetpid -1
08-26 19:14:56.323 13671 13995 D Choreographer: pkgpubgfalsetruefalse
08-26 19:14:56.323 13671 13995 D Choreographer: 3d Game policy pubg enabled false
08-26 19:14:56.323 13671 13995 D Choreographer: targetPkg: UnityMain
08-26 19:14:56.323 13671 13995 D Choreographer: pidKey: UnityMain
08-26 19:14:56.323 13671 13995 D Choreographer: commvalue: alswager.taptap
08-26 19:14:56.323 13671 13995 D Choreographer: pkgUnityMainfalsetruefalse
08-26 19:14:56.323 13671 13995 D Choreographer: 3d Game policy UnityMain enabled false
08-26 19:14:56.333 13671 13671 W BUGLY_THREAD: type=1400 audit(0.0:71774): avc:  denied  { search } for  name="usb" dev="sysfs" ino=139444 scontext=u:r:untrusted_app_27:s0:c64,c257,c512,c768 tcontext=u:object_r:vendor_sysfs_usb_supply:s0 tclass=dir permissive=0 app=com.tipsworks.android.pascalswager.taptap
08-26 19:14:56.333 13671 13671 W BUGLY_THREAD: type=1400 audit(0.0:71775): avc:  denied  { search } for  name="battery" dev="sysfs" ino=139579 scontext=u:r:untrusted_app_27:s0:c64,c257,c512,c768 tcontext=u:object_r:vendor_sysfs_battery_supply:s0 tclass=dir permissive=0 app=com.tipsworks.android.pascalswager.taptap
08-26 19:14:56.337 13671 13671 W BUGLY_THREAD: type=1400 audit(0.0:71776): avc:  denied  { search } for  name="usb" dev="sysfs" ino=139444 scontext=u:r:untrusted_app_27:s0:c64,c257,c512,c768 tcontext=u:object_r:vendor_sysfs_usb_supply:s0 tclass=dir permissive=0 app=com.tipsworks.android.pascalswager.taptap
08-26 19:14:56.341 13671 13799 W GLTools : Dlopening_ext /data/app/~~UcbruVBoiHQTd8f0ObL7tw==/com.tipsworks.android.pascalswager.taptap-G9qqz4yvQAYDQt5YZ_cHQA==/lib/arm64/libtolua.so...
08-26 19:14:56.341 13671 13999 W SQLiteLog: (28) double-quoted string literal: "security_info"
08-26 19:14:56.346 13671 13799 W GLTools : Dlopening /data/app/~~UcbruVBoiHQTd8f0ObL7tw==/com.tipsworks.android.pascalswager.taptap-G9qqz4yvQAYDQt5YZ_cHQA==/lib/arm64/libtolua.so...
08-26 19:14:56.349 13671 13799 W GLTools : Dlopening /data/app/~~UcbruVBoiHQTd8f0ObL7tw==/com.tipsworks.android.pascalswager.taptap-G9qqz4yvQAYDQt5YZ_cHQA==/lib/arm64/libtolua.so...
08-26 19:14:56.351 13671 13799 W GLTools : Dlopening /data/app/~~UcbruVBoiHQTd8f0ObL7tw==/com.tipsworks.android.pascalswager.taptap-G9qqz4yvQAYDQt5YZ_cHQA==/lib/arm64/libtolua.so...
08-26 19:14:56.353 13671 13799 W GLTools : Dlopening /data/app/~~UcbruVBoiHQTd8f0ObL7tw==/com.tipsworks.android.pascalswager.taptap-G9qqz4yvQAYDQt5YZ_cHQA==/lib/arm64/libtolua.so...
08-26 19:14:56.355 13671 13799 W GLTools : Dlopening /data/app/~~UcbruVBoiHQTd8f0ObL7tw==/com.tipsworks.android.pascalswager.taptap-G9qqz4yvQAYDQt5YZ_cHQA==/lib/arm64/libtolua.so...
08-26 19:14:56.357 13671 13799 W GLTools : Dlopening /data/app/~~UcbruVBoiHQTd8f0ObL7tw==/com.tipsworks.android.pascalswager.taptap-G9qqz4yvQAYDQt5YZ_cHQA==/lib/arm64/libtolua.so...
08-26 19:14:56.360 13671 13799 W GLTools : Dlopening /data/app/~~UcbruVBoiHQTd8f0ObL7tw==/com.tipsworks.android.pascalswager.taptap-G9qqz4yvQAYDQt5YZ_cHQA==/lib/arm64/libtolua.so...
08-26 19:14:56.362 13671 13799 W GLTools : Dlopening /data/app/~~UcbruVBoiHQTd8f0ObL7tw==/com.tipsworks.android.pascalswager.taptap-G9qqz4yvQAYDQt5YZ_cHQA==/lib/arm64/libtolua.so...
08-26 19:14:56.364 13671 14000 D TrafficStats: tagSocket(173) with statsTag=0xffffffff, statsUid=-1
08-26 19:14:56.369 13671 13799 W GLTools : Dlopening /data/app/~~UcbruVBoiHQTd8f0ObL7tw==/com.tipsworks.android.pascalswager.taptap-G9qqz4yvQAYDQt5YZ_cHQA==/lib/arm64/libtolua.so...
08-26 19:14:56.371 13671 13799 W GLTools : Dlopening /data/app/~~UcbruVBoiHQTd8f0ObL7tw==/com.tipsworks.android.pascalswager.taptap-G9qqz4yvQAYDQt5YZ_cHQA==/lib/arm64/libtolua.so...
08-26 19:14:56.373 13671 13799 W GLTools : Dlopening /data/app/~~UcbruVBoiHQTd8f0ObL7tw==/com.tipsworks.android.pascalswager.taptap-G9qqz4yvQAYDQt5YZ_cHQA==/lib/arm64/libtolua.so...
08-26 19:14:56.375 13671 13799 W GLTools : Dlopening /data/app/~~UcbruVBoiHQTd8f0ObL7tw==/com.tipsworks.android.pascalswager.taptap-G9qqz4yvQAYDQt5YZ_cHQA==/lib/arm64/libtolua.so...
08-26 19:14:56.377 13671 13799 W GLTools : Dlopening /data/app/~~UcbruVBoiHQTd8f0ObL7tw==/com.tipsworks.android.pascalswager.taptap-G9qqz4yvQAYDQt5YZ_cHQA==/lib/arm64/libtolua.so...
08-26 19:14:56.379 13671 13799 W GLTools : Dlopening /data/app/~~UcbruVBoiHQTd8f0ObL7tw==/com.tipsworks.android.pascalswager.taptap-G9qqz4yvQAYDQt5YZ_cHQA==/lib/arm64/libtolua.so...
08-26 19:14:56.381 13671 13799 W GLTools : Dlopening /data/app/~~UcbruVBoiHQTd8f0ObL7tw==/com.tipsworks.android.pascalswager.taptap-G9qqz4yvQAYDQt5YZ_cHQA==/lib/arm64/libtolua.so...
08-26 19:14:56.383 13671 13799 W GLTools : Dlopening /data/app/~~UcbruVBoiHQTd8f0ObL7tw==/com.tipsworks.android.pascalswager.taptap-G9qqz4yvQAYDQt5YZ_cHQA==/lib/arm64/libtolua.so...
08-26 19:14:56.385 13671 13799 W GLTools : Dlopening /data/app/~~UcbruVBoiHQTd8f0ObL7tw==/com.tipsworks.android.pascalswager.taptap-G9qqz4yvQAYDQt5YZ_cHQA==/lib/arm64/libtolua.so...
08-26 19:14:56.387 13671 13799 W GLTools : Dlopening /data/app/~~UcbruVBoiHQTd8f0ObL7tw==/com.tipsworks.android.pascalswager.taptap-G9qqz4yvQAYDQt5YZ_cHQA==/lib/arm64/libtolua.so...
08-26 19:14:56.389 13671 13799 W GLTools : Dlopening /data/app/~~UcbruVBoiHQTd8f0ObL7tw==/com.tipsworks.android.pascalswager.taptap-G9qqz4yvQAYDQt5YZ_cHQA==/lib/arm64/libtolua.so...
08-26 19:14:56.392 13671 13799 W GLTools : Dlopening /data/app/~~UcbruVBoiHQTd8f0ObL7tw==/com.tipsworks.android.pascalswager.taptap-G9qqz4yvQAYDQt5YZ_cHQA==/lib/arm64/libtolua.so...
08-26 19:14:56.394 13671 13799 W GLTools : Dlopening /data/app/~~UcbruVBoiHQTd8f0ObL7tw==/com.tipsworks.android.pascalswager.taptap-G9qqz4yvQAYDQt5YZ_cHQA==/lib/arm64/libtolua.so...
08-26 19:14:56.396 13671 13799 W GLTools : Dlopening /data/app/~~UcbruVBoiHQTd8f0ObL7tw==/com.tipsworks.android.pascalswager.taptap-G9qqz4yvQAYDQt5YZ_cHQA==/lib/arm64/libtolua.so...
08-26 19:14:56.398 13671 13799 W GLTools : Dlopening /data/app/~~UcbruVBoiHQTd8f0ObL7tw==/com.tipsworks.android.pascalswager.taptap-G9qqz4yvQAYDQt5YZ_cHQA==/lib/arm64/libtolua.so...
08-26 19:14:56.400 13671 13799 W GLTools : Dlopening /data/app/~~UcbruVBoiHQTd8f0ObL7tw==/com.tipsworks.android.pascalswager.taptap-G9qqz4yvQAYDQt5YZ_cHQA==/lib/arm64/libtolua.so...
08-26 19:14:56.402 13671 13799 W GLTools : Dlopening /data/app/~~UcbruVBoiHQTd8f0ObL7tw==/com.tipsworks.android.pascalswager.taptap-G9qqz4yvQAYDQt5YZ_cHQA==/lib/arm64/libtolua.so...
08-26 19:14:56.404 13671 13799 W GLTools : Dlopening /data/app/~~UcbruVBoiHQTd8f0ObL7tw==/com.tipsworks.android.pascalswager.taptap-G9qqz4yvQAYDQt5YZ_cHQA==/lib/arm64/libtolua.so...
08-26 19:14:56.406 13671 13799 W GLTools : Dlopening /data/app/~~UcbruVBoiHQTd8f0ObL7tw==/com.tipsworks.android.pascalswager.taptap-G9qqz4yvQAYDQt5YZ_cHQA==/lib/arm64/libtolua.so...
08-26 19:14:56.408 13671 13799 W GLTools : Dlopening /data/app/~~UcbruVBoiHQTd8f0ObL7tw==/com.tipsworks.android.pascalswager.taptap-G9qqz4yvQAYDQt5YZ_cHQA==/lib/arm64/libtolua.so...
08-26 19:14:56.410 13671 13799 W GLTools : Dlopening /data/app/~~UcbruVBoiHQTd8f0ObL7tw==/com.tipsworks.android.pascalswager.taptap-G9qqz4yvQAYDQt5YZ_cHQA==/lib/arm64/libtolua.so...
08-26 19:14:56.412 13671 13799 W GLTools : Dlopening /data/app/~~UcbruVBoiHQTd8f0ObL7tw==/com.tipsworks.android.pascalswager.taptap-G9qqz4yvQAYDQt5YZ_cHQA==/lib/arm64/libtolua.so...
08-26 19:14:56.414 13671 13799 W GLTools : Dlopening /data/app/~~UcbruVBoiHQTd8f0ObL7tw==/com.tipsworks.android.pascalswager.taptap-G9qqz4yvQAYDQt5YZ_cHQA==/lib/arm64/libtolua.so...
08-26 19:14:56.416 13671 13799 W GLTools : Dlopening /data/app/~~UcbruVBoiHQTd8f0ObL7tw==/com.tipsworks.android.pascalswager.taptap-G9qqz4yvQAYDQt5YZ_cHQA==/lib/arm64/libtolua.so...
08-26 19:14:56.418 13671 13799 W GLTools : Dlopening /data/app/~~UcbruVBoiHQTd8f0ObL7tw==/com.tipsworks.android.pascalswager.taptap-G9qqz4yvQAYDQt5YZ_cHQA==/lib/arm64/libtolua.so...
08-26 19:14:56.420 13671 13799 W GLTools : Dlopening /data/app/~~UcbruVBoiHQTd8f0ObL7tw==/com.tipsworks.android.pascalswager.taptap-G9qqz4yvQAYDQt5YZ_cHQA==/lib/arm64/libtolua.so...
08-26 19:14:56.422 13671 13799 W GLTools : Dlopening /data/app/~~UcbruVBoiHQTd8f0ObL7tw==/com.tipsworks.android.pascalswager.taptap-G9qqz4yvQAYDQt5YZ_cHQA==/lib/arm64/libtolua.so...
08-26 19:14:56.424 13671 13799 W GLTools : Dlopening /data/app/~~UcbruVBoiHQTd8f0ObL7tw==/com.tipsworks.android.pascalswager.taptap-G9qqz4yvQAYDQt5YZ_cHQA==/lib/arm64/libtolua.so...
08-26 19:14:56.426 13671 13799 W GLTools : Dlopening /data/app/~~UcbruVBoiHQTd8f0ObL7tw==/com.tipsworks.android.pascalswager.taptap-G9qqz4yvQAYDQt5YZ_cHQA==/lib/arm64/libtolua.so...
08-26 19:14:56.428 13671 13799 W GLTools : Dlopening /data/app/~~UcbruVBoiHQTd8f0ObL7tw==/com.tipsworks.android.pascalswager.taptap-G9qqz4yvQAYDQt5YZ_cHQA==/lib/arm64/libtolua.so...
08-26 19:14:56.430 13671 13799 W GLTools : Dlopening /data/app/~~UcbruVBoiHQTd8f0ObL7tw==/com.tipsworks.android.pascalswager.taptap-G9qqz4yvQAYDQt5YZ_cHQA==/lib/arm64/libtolua.so...
08-26 19:14:56.432 13671 13799 W GLTools : Dlopening /data/app/~~UcbruVBoiHQTd8f0ObL7tw==/com.tipsworks.android.pascalswager.taptap-G9qqz4yvQAYDQt5YZ_cHQA==/lib/arm64/libtolua.so...
08-26 19:14:56.434 13671 13799 W GLTools : Dlopening /data/app/~~UcbruVBoiHQTd8f0ObL7tw==/com.tipsworks.android.pascalswager.taptap-G9qqz4yvQAYDQt5YZ_cHQA==/lib/arm64/libtolua.so...
08-26 19:14:56.436 13671 13799 W GLTools : Dlopening /data/app/~~UcbruVBoiHQTd8f0ObL7tw==/com.tipsworks.android.pascalswager.taptap-G9qqz4yvQAYDQt5YZ_cHQA==/lib/arm64/libtolua.so...
08-26 19:14:56.439 13671 13799 W GLTools : Dlopening /data/app/~~UcbruVBoiHQTd8f0ObL7tw==/com.tipsworks.android.pascalswager.taptap-G9qqz4yvQAYDQt5YZ_cHQA==/lib/arm64/libtolua.so...
08-26 19:14:56.441 13671 13799 W GLTools : Dlopening /data/app/~~UcbruVBoiHQTd8f0ObL7tw==/com.tipsworks.android.pascalswager.taptap-G9qqz4yvQAYDQt5YZ_cHQA==/lib/arm64/libtolua.so...
08-26 19:14:56.443 13671 13799 W GLTools : Dlopening /data/app/~~UcbruVBoiHQTd8f0ObL7tw==/com.tipsworks.android.pascalswager.taptap-G9qqz4yvQAYDQt5YZ_cHQA==/lib/arm64/libtolua.so...
08-26 19:14:56.445 13671 13799 W GLTools : Dlopening /data/app/~~UcbruVBoiHQTd8f0ObL7tw==/com.tipsworks.android.pascalswager.taptap-G9qqz4yvQAYDQt5YZ_cHQA==/lib/arm64/libtolua.so...
08-26 19:14:56.448 13671 13799 W GLTools : Dlopening /data/app/~~UcbruVBoiHQTd8f0ObL7tw==/com.tipsworks.android.pascalswager.taptap-G9qqz4yvQAYDQt5YZ_cHQA==/lib/arm64/libtolua.so...
08-26 19:14:56.450 13671 13799 W GLTools : Dlopening /data/app/~~UcbruVBoiHQTd8f0ObL7tw==/com.tipsworks.android.pascalswager.taptap-G9qqz4yvQAYDQt5YZ_cHQA==/lib/arm64/libtolua.so...
08-26 19:14:56.452 13671 13799 W GLTools : Dlopening /data/app/~~UcbruVBoiHQTd8f0ObL7tw==/com.tipsworks.android.pascalswager.taptap-G9qqz4yvQAYDQt5YZ_cHQA==/lib/arm64/libtolua.so...
08-26 19:14:56.454 13671 13799 W GLTools : Dlopening /data/app/~~UcbruVBoiHQTd8f0ObL7tw==/com.tipsworks.android.pascalswager.taptap-G9qqz4yvQAYDQt5YZ_cHQA==/lib/arm64/libtolua.so...
08-26 19:14:56.456 13671 13799 W GLTools : Dlopening /data/app/~~UcbruVBoiHQTd8f0ObL7tw==/com.tipsworks.android.pascalswager.taptap-G9qqz4yvQAYDQt5YZ_cHQA==/lib/arm64/libtolua.so...
08-26 19:14:56.458 13671 13799 W GLTools : Dlopening /data/app/~~UcbruVBoiHQTd8f0ObL7tw==/com.tipsworks.android.pascalswager.taptap-G9qqz4yvQAYDQt5YZ_cHQA==/lib/arm64/libtolua.so...
08-26 19:14:56.463 13671 13799 I Unity   : 19:14:56.462-1: Init lua state cost: 0.127893
08-26 19:14:56.463 13671 13799 I Unity   : LuaInterface.Debugger:Log(String)
08-26 19:14:56.463 13671 13799 I Unity   : LuaInterface.LuaState:.ctor()
08-26 19:14:56.463 13671 13799 I Unity   : LuaFramework.LuaManager:Awake()
08-26 19:14:56.463 13671 13799 I Unity   : UnityEngine.GameObject:AddComponent()
08-26 19:14:56.463 13671 13799 I Unity   : Facade:AddManager(String)
08-26 19:14:56.463 13671 13799 I Unity   : StartUpCommand:Execute(IMessage)
08-26 19:14:56.463 13671 13799 I Unity   : Controller:ExecuteCommand(IMessage)
08-26 19:14:56.463 13671 13799 I Unity   : AppFacade:StartUp()
08-26 19:14:56.463 13671 13799 I Unity   :  
08-26 19:14:56.463 13671 13799 I Unity   : (Filename: ./Runtime/Export/Debug.bindings.h Line: 45)
08-26 19:14:56.463 13671 13799 I Unity   : 
08-26 19:14:56.463 13671 13799 W GLTools : Dlopening /data/app/~~UcbruVBoiHQTd8f0ObL7tw==/com.tipsworks.android.pascalswager.taptap-G9qqz4yvQAYDQt5YZ_cHQA==/lib/arm64/libtolua.so...
08-26 19:14:56.466 13671 13799 W GLTools : Dlopening /data/app/~~UcbruVBoiHQTd8f0ObL7tw==/com.tipsworks.android.pascalswager.taptap-G9qqz4yvQAYDQt5YZ_cHQA==/lib/arm64/libtolua.so...
08-26 19:14:56.468 13671 13799 W GLTools : Dlopening /data/app/~~UcbruVBoiHQTd8f0ObL7tw==/com.tipsworks.android.pascalswager.taptap-G9qqz4yvQAYDQt5YZ_cHQA==/lib/arm64/libtolua.so...
08-26 19:14:56.470 13671 13799 W GLTools : Dlopening /data/app/~~UcbruVBoiHQTd8f0ObL7tw==/com.tipsworks.android.pascalswager.taptap-G9qqz4yvQAYDQt5YZ_cHQA==/lib/arm64/libtolua.so...
08-26 19:14:56.472 13671 13799 W GLTools : Dlopening /data/app/~~UcbruVBoiHQTd8f0ObL7tw==/com.tipsworks.android.pascalswager.taptap-G9qqz4yvQAYDQt5YZ_cHQA==/lib/arm64/libtolua.so...
08-26 19:14:56.474 13671 13799 W GLTools : Dlopening /data/app/~~UcbruVBoiHQTd8f0ObL7tw==/com.tipsworks.android.pascalswager.taptap-G9qqz4yvQAYDQt5YZ_cHQA==/lib/arm64/libtolua.so...
08-26 19:14:56.476 13671 13799 W GLTools : Dlopening /data/app/~~UcbruVBoiHQTd8f0ObL7tw==/com.tipsworks.android.pascalswager.taptap-G9qqz4yvQAYDQt5YZ_cHQA==/lib/arm64/libtolua.so...
08-26 19:14:56.478 13671 13799 W GLTools : Dlopening /data/app/~~UcbruVBoiHQTd8f0ObL7tw==/com.tipsworks.android.pascalswager.taptap-G9qqz4yvQAYDQt5YZ_cHQA==/lib/arm64/libtolua.so...
08-26 19:14:56.481 13671 13799 W GLTools : Dlopening /data/app/~~UcbruVBoiHQTd8f0ObL7tw==/com.tipsworks.android.pascalswager.taptap-G9qqz4yvQAYDQt5YZ_cHQA==/lib/arm64/libtolua.so...
08-26 19:14:56.483 13671 13799 W GLTools : Dlopening /data/app/~~UcbruVBoiHQTd8f0ObL7tw==/com.tipsworks.android.pascalswager.taptap-G9qqz4yvQAYDQt5YZ_cHQA==/lib/arm64/libtolua.so...
08-26 19:14:56.485 13671 13799 W GLTools : Dlopening /data/app/~~UcbruVBoiHQTd8f0ObL7tw==/com.tipsworks.android.pascalswager.taptap-G9qqz4yvQAYDQt5YZ_cHQA==/lib/arm64/libtolua.so...
08-26 19:14:56.487 13671 13799 W GLTools : Dlopening /data/app/~~UcbruVBoiHQTd8f0ObL7tw==/com.tipsworks.android.pascalswager.taptap-G9qqz4yvQAYDQt5YZ_cHQA==/lib/arm64/libtolua.so...
08-26 19:14:56.490 13671 13799 W GLTools : Dlopening /data/app/~~UcbruVBoiHQTd8f0ObL7tw==/com.tipsworks.android.pascalswager.taptap-G9qqz4yvQAYDQt5YZ_cHQA==/lib/arm64/libtolua.so...
08-26 19:14:56.492 13671 13799 W GLTools : Dlopening /data/app/~~UcbruVBoiHQTd8f0ObL7tw==/com.tipsworks.android.pascalswager.taptap-G9qqz4yvQAYDQt5YZ_cHQA==/lib/arm64/libtolua.so...
08-26 19:14:56.494 13671 13799 W GLTools : Dlopening /data/app/~~UcbruVBoiHQTd8f0ObL7tw==/com.tipsworks.android.pascalswager.taptap-G9qqz4yvQAYDQt5YZ_cHQA==/lib/arm64/libtolua.so...
08-26 19:14:56.496 13671 13799 W GLTools : Dlopening /data/app/~~UcbruVBoiHQTd8f0ObL7tw==/com.tipsworks.android.pascalswager.taptap-G9qqz4yvQAYDQt5YZ_cHQA==/lib/arm64/libtolua.so...
08-26 19:14:56.498 13671 13799 W GLTools : Dlopening /data/app/~~UcbruVBoiHQTd8f0ObL7tw==/com.tipsworks.android.pascalswager.taptap-G9qqz4yvQAYDQt5YZ_cHQA==/lib/arm64/libtolua.so...
08-26 19:14:56.500 13671 13799 W GLTools : Dlopening /data/app/~~UcbruVBoiHQTd8f0ObL7tw==/com.tipsworks.android.pascalswager.taptap-G9qqz4yvQAYDQt5YZ_cHQA==/lib/arm64/libtolua.so...
08-26 19:14:56.503 13671 13799 W GLTools : Dlopening /data/app/~~UcbruVBoiHQTd8f0ObL7tw==/com.tipsworks.android.pascalswager.taptap-G9qqz4yvQAYDQt5YZ_cHQA==/lib/arm64/libtolua.so...
08-26 19:14:56.505 13671 13799 W GLTools : Dlopening /data/app/~~UcbruVBoiHQTd8f0ObL7tw==/com.tipsworks.android.pascalswager.taptap-G9qqz4yvQAYDQt5YZ_cHQA==/lib/arm64/libtolua.so...
08-26 19:14:56.507 13671 13799 W GLTools : Dlopening /data/app/~~UcbruVBoiHQTd8f0ObL7tw==/com.tipsworks.android.pascalswager.taptap-G9qqz4yvQAYDQt5YZ_cHQA==/lib/arm64/libtolua.so...
08-26 19:14:56.509 13671 13799 W GLTools : Dlopening /data/app/~~UcbruVBoiHQTd8f0ObL7tw==/com.tipsworks.android.pascalswager.taptap-G9qqz4yvQAYDQt5YZ_cHQA==/lib/arm64/libtolua.so...
08-26 19:14:56.514 13671 13799 W GLTools : Dlopening /data/app/~~UcbruVBoiHQTd8f0ObL7tw==/com.tipsworks.android.pascalswager.taptap-G9qqz4yvQAYDQt5YZ_cHQA==/lib/arm64/libtolua.so...
08-26 19:14:56.516 13671 13799 W GLTools : Dlopening /data/app/~~UcbruVBoiHQTd8f0ObL7tw==/com.tipsworks.android.pascalswager.taptap-G9qqz4yvQAYDQt5YZ_cHQA==/lib/arm64/libtolua.so...
08-26 19:14:56.518 13671 13799 W GLTools : Dlopening /data/app/~~UcbruVBoiHQTd8f0ObL7tw==/com.tipsworks.android.pascalswager.taptap-G9qqz4yvQAYDQt5YZ_cHQA==/lib/arm64/libtolua.so...
08-26 19:14:56.520 13671 13799 W GLTools : Dlopening /data/app/~~UcbruVBoiHQTd8f0ObL7tw==/com.tipsworks.android.pascalswager.taptap-G9qqz4yvQAYDQt5YZ_cHQA==/lib/arm64/libtolua.so...
08-26 19:14:56.530 13671 13799 W GLTools : Dlopening /data/app/~~UcbruVBoiHQTd8f0ObL7tw==/com.tipsworks.android.pascalswager.taptap-G9qqz4yvQAYDQt5YZ_cHQA==/lib/arm64/libtolua.so...
08-26 19:14:56.533 13671 13799 W GLTools : Dlopening /data/app/~~UcbruVBoiHQTd8f0ObL7tw==/com.tipsworks.android.pascalswager.taptap-G9qqz4yvQAYDQt5YZ_cHQA==/lib/arm64/libtolua.so...
08-26 19:14:56.536 13671 13799 I Unity   : 19:14:56.535-1: Register lua type cost time: 0.04601765
08-26 19:14:56.536 13671 13799 I Unity   : LuaInterface.Debugger:Log(String)
08-26 19:14:56.536 13671 13799 I Unity   : LuaBinder:Bind(LuaState)
08-26 19:14:56.536 13671 13799 I Unity   : LuaFramework.LuaManager:Awake()
08-26 19:14:56.536 13671 13799 I Unity   : UnityEngine.GameObject:AddComponent()
08-26 19:14:56.536 13671 13799 I Unity   : Facade:AddManager(String)
08-26 19:14:56.536 13671 13799 I Unity   : StartUpCommand:Execute(IMessage)
08-26 19:14:56.536 13671 13799 I Unity   : Controller:ExecuteCommand(IMessage)
08-26 19:14:56.536 13671 13799 I Unity   : AppFacade:StartUp()
08-26 19:14:56.536 13671 13799 I Unity   :  
08-26 19:14:56.536 13671 13799 I Unity   : (Filename: ./Runtime/Export/Debug.bindings.h Line: 45)
08-26 19:14:56.536 13671 13799 I Unity   : 
08-26 19:14:56.538 13671 13799 W GLTools : Dlopening /data/app/~~UcbruVBoiHQTd8f0ObL7tw==/com.tipsworks.android.pascalswager.taptap-G9qqz4yvQAYDQt5YZ_cHQA==/lib/arm64/libtolua.so...
08-26 19:14:56.541 13671 13799 W GLTools : Dlopening /data/app/~~UcbruVBoiHQTd8f0ObL7tw==/com.tipsworks.android.pascalswager.taptap-G9qqz4yvQAYDQt5YZ_cHQA==/lib/arm64/libtolua.so...
08-26 19:14:56.549 13671 13799 I TapTapLicense: check
08-26 19:14:56.554 13671 13799 V OneImageConfig: country_code is 'CN', is not arab country.
08-26 19:14:56.555 13671 13799 I ZuiResourcesLog: ExtraResources; checkThemeIconResources; Theme changed from null to mostbeautiful
08-26 19:14:56.555 13671 13799 I ZuiResourcesLog: ExtraResources; checkThemeIconResources; Theme has changed and clean theme icon cache
08-26 19:14:56.583 13671 13799 W System.err: android.content.pm.PackageManager$NameNotFoundException: com.taptap.global
08-26 19:14:56.583 13671 13799 W System.err: 	at android.app.ApplicationPackageManager.getPackageInfoAsUser(ApplicationPackageManager.java:270)
08-26 19:14:56.583 13671 13799 W System.err: 	at android.app.ApplicationPackageManager.getPackageInfo(ApplicationPackageManager.java:230)
08-26 19:14:56.583 13671 13799 W System.err: 	at android.app.ApplicationPackageManager.getPackageInfo(ApplicationPackageManager.java:224)
08-26 19:14:56.583 13671 13799 W System.err: 	at com.taptap.pay.sdk.library.IabService.<init>(IabService.java:61)
08-26 19:14:56.583 13671 13799 W System.err: 	at com.taptap.pay.sdk.library.GlobalIabService.<init>(GlobalIabService.java:11)
08-26 19:14:56.583 13671 13799 W System.err: 	at com.taptap.pay.sdk.library.TapTapLicense._check(TapTapLicense.java:66)
08-26 19:14:56.583 13671 13799 W System.err: 	at com.taptap.pay.sdk.library.TapTapLicense.check(TapTapLicense.java:50)
08-26 19:14:56.583 13671 13799 W System.err: 	at com.taptap.pay.sdk.library.TapTapLicenseUnity.check(TapTapLicenseUnity.java:8)
08-26 19:14:56.583 13671 13799 W System.err: 	at com.unity3d.player.UnityPlayer.nativeRender(Native Method)
08-26 19:14:56.583 13671 13799 W System.err: 	at com.unity3d.player.UnityPlayer.c(Unknown Source:0)
08-26 19:14:56.583 13671 13799 W System.err: 	at com.unity3d.player.UnityPlayer$e$1.handleMessage(Unknown Source:95)
08-26 19:14:56.583 13671 13799 W System.err: 	at android.os.Handler.dispatchMessage(Handler.java:111)
08-26 19:14:56.583 13671 13799 W System.err: 	at android.os.Looper.loopOnce(Looper.java:206)
08-26 19:14:56.583 13671 13799 W System.err: 	at android.os.Looper.loop(Looper.java:295)
08-26 19:14:56.583 13671 13799 W System.err: 	at com.unity3d.player.UnityPlayer$e.run(Unknown Source:20)
08-26 19:14:56.583 13671 13799 W System.err: com.taptap.pay.sdk.library.exceptions.TapTapNotInstalledException: com.taptap.global not installed
08-26 19:14:56.583 13671 13799 W System.err: 	at com.taptap.pay.sdk.library.IabService.<init>(IabService.java:79)
08-26 19:14:56.583 13671 13799 W System.err: 	at com.taptap.pay.sdk.library.GlobalIabService.<init>(GlobalIabService.java:11)
08-26 19:14:56.583 13671 13799 W System.err: 	at com.taptap.pay.sdk.library.TapTapLicense._check(TapTapLicense.java:66)
08-26 19:14:56.583 13671 13799 W System.err: 	at com.taptap.pay.sdk.library.TapTapLicense.check(TapTapLicense.java:50)
08-26 19:14:56.583 13671 13799 W System.err: 	at com.taptap.pay.sdk.library.TapTapLicenseUnity.check(TapTapLicenseUnity.java:8)
08-26 19:14:56.583 13671 13799 W System.err: 	at com.unity3d.player.UnityPlayer.nativeRender(Native Method)
08-26 19:14:56.583 13671 13799 W System.err: 	at com.unity3d.player.UnityPlayer.c(Unknown Source:0)
08-26 19:14:56.583 13671 13799 W System.err: 	at com.unity3d.player.UnityPlayer$e$1.handleMessage(Unknown Source:95)
08-26 19:14:56.583 13671 13799 W System.err: 	at android.os.Handler.dispatchMessage(Handler.java:111)
08-26 19:14:56.583 13671 13799 W System.err: 	at android.os.Looper.loopOnce(Looper.java:206)
08-26 19:14:56.583 13671 13799 W System.err: 	at android.os.Looper.loop(Looper.java:295)
08-26 19:14:56.583 13671 13799 W System.err: 	at com.unity3d.player.UnityPlayer$e.run(Unknown Source:20)
08-26 19:14:56.585 13671 13799 I TapTapLicense: settings = licensed
08-26 19:14:56.591 13671 13799 D Vibrator: mHasZuiRichtapVibrationFeature: false
08-26 19:14:56.592 13671 13799 I PatternHeImpl: failed to reflect class: "richtap.os.PhonyVibrationEffect"!
08-26 19:14:56.593 13671 13799 D PatternHeImpl: clientCode:255 majorVersion:24 minorVersion:16
08-26 19:14:56.593 13671 13799 I RichTapUtils: init , sdk version:2.0.16_20221019 versionCode:20016, RichTap Core Major Version:24
08-26 19:14:56.594 13671 13799 I InnerRichTapPlayer: failed to reflect class: "richtap.os.PhonyVibrationEffect"!
08-26 19:14:56.594 13671 13799 D RichTapHapticWrapper: deviceSupportsRichTapEffect: 
08-26 19:14:56.594 13671 13799 I InnerRichTapPlayer: failed to reflect class: "richtap.os.PhonyVibrationEffect"!
08-26 19:14:56.662 13671 13857 D TrafficStats: tagSocket(138) with statsTag=0xffffffff, statsUid=-1
08-26 19:14:56.993 13671 13799 I Unity   : 19:14:56.992-13: LuaState start
08-26 19:14:56.993 13671 13799 I Unity   : LuaInterface.Debugger:Log(String)
08-26 19:14:56.993 13671 13799 I Unity   : LuaInterface.LuaState:Start()
08-26 19:14:56.993 13671 13799 I Unity   : LuaFramework.LuaManager:InitStart()
08-26 19:14:56.993 13671 13799 I Unity   : LuaFramework.GameManager:OnInitialize()
08-26 19:14:56.993 13671 13799 I Unity   : LuaFramework.<OnLoadAsset>d__14`1:MoveNext()
08-26 19:14:56.993 13671 13799 I Unity   : UnityEngine.SetupCoroutine:InvokeMoveNext(IEnumerator, IntPtr)
08-26 19:14:56.993 13671 13799 I Unity   :  
08-26 19:14:56.993 13671 13799 I Unity   : (Filename: ./Runtime/Export/Debug.bindings.h Line: 45)
08-26 19:14:56.993 13671 13799 I Unity   : 
08-26 19:14:56.994 13671 13799 W GLTools : Dlopening /data/app/~~UcbruVBoiHQTd8f0ObL7tw==/com.tipsworks.android.pascalswager.taptap-G9qqz4yvQAYDQt5YZ_cHQA==/lib/arm64/libtolua.so...
08-26 19:14:56.997 13671 13799 W GLTools : Dlopening /data/app/~~UcbruVBoiHQTd8f0ObL7tw==/com.tipsworks.android.pascalswager.taptap-G9qqz4yvQAYDQt5YZ_cHQA==/lib/arm64/libtolua.so...
08-26 19:14:57.000 13671 13799 W GLTools : Dlopening /data/app/~~UcbruVBoiHQTd8f0ObL7tw==/com.tipsworks.android.pascalswager.taptap-G9qqz4yvQAYDQt5YZ_cHQA==/lib/arm64/libtolua.so...
08-26 19:14:57.002 13671 13799 W GLTools : Dlopening /data/app/~~UcbruVBoiHQTd8f0ObL7tw==/com.tipsworks.android.pascalswager.taptap-G9qqz4yvQAYDQt5YZ_cHQA==/lib/arm64/libtolua.so...
08-26 19:14:57.004 13671 13799 W GLTools : Dlopening /data/app/~~UcbruVBoiHQTd8f0ObL7tw==/com.tipsworks.android.pascalswager.taptap-G9qqz4yvQAYDQt5YZ_cHQA==/lib/arm64/libtolua.so...
08-26 19:14:57.006 13671 13799 W GLTools : Dlopening /data/app/~~UcbruVBoiHQTd8f0ObL7tw==/com.tipsworks.android.pascalswager.taptap-G9qqz4yvQAYDQt5YZ_cHQA==/lib/arm64/libtolua.so...
08-26 19:14:57.008 13671 13799 W GLTools : Dlopening /data/app/~~UcbruVBoiHQTd8f0ObL7tw==/com.tipsworks.android.pascalswager.taptap-G9qqz4yvQAYDQt5YZ_cHQA==/lib/arm64/libtolua.so...
08-26 19:14:57.010 13671 13799 W GLTools : Dlopening /data/app/~~UcbruVBoiHQTd8f0ObL7tw==/com.tipsworks.android.pascalswager.taptap-G9qqz4yvQAYDQt5YZ_cHQA==/lib/arm64/libtolua.so...
08-26 19:14:57.012 13671 13799 W GLTools : Dlopening /data/app/~~UcbruVBoiHQTd8f0ObL7tw==/com.tipsworks.android.pascalswager.taptap-G9qqz4yvQAYDQt5YZ_cHQA==/lib/arm64/libtolua.so...
08-26 19:14:57.014 13671 13799 W GLTools : Dlopening /data/app/~~UcbruVBoiHQTd8f0ObL7tw==/com.tipsworks.android.pascalswager.taptap-G9qqz4yvQAYDQt5YZ_cHQA==/lib/arm64/libtolua.so...
08-26 19:14:57.017 13671 13799 I Unity   : 19:14:57.17-13: ver20100 jit:     false    fold    cse    dce    fwd    dse    narrow    loop    abc    sink    fuse
08-26 19:14:57.017 13671 13799 I Unity   : LuaInterface.Debugger:Log(String)
08-26 19:14:57.017 13671 13799 I Unity   : LuaInterface.ToLua:Print(IntPtr)
08-26 19:14:57.017 13671 13799 I Unity   :  
08-26 19:14:57.017 13671 13799 I Unity   : (Filename: ./Runtime/Export/Debug.bindings.h Line: 45)
08-26 19:14:57.017 13671 13799 I Unity   : 
08-26 19:14:57.017 13671 13799 I Unity   : 19:14:57.17-13: os: Linux, arch: arm64
08-26 19:14:57.017 13671 13799 I Unity   : LuaInterface.Debugger:Log(String)
08-26 19:14:57.017 13671 13799 I Unity   : LuaInterface.ToLua:Print(IntPtr)
08-26 19:14:57.017 13671 13799 I Unity   :  
08-26 19:14:57.017 13671 13799 I Unity   : (Filename: ./Runtime/Export/Debug.bindings.h Line: 45)
08-26 19:14:57.017 13671 13799 I Unity   : 
08-26 19:14:57.018 13671 13799 W GLTools : Dlopening /data/app/~~UcbruVBoiHQTd8f0ObL7tw==/com.tipsworks.android.pascalswager.taptap-G9qqz4yvQAYDQt5YZ_cHQA==/lib/arm64/libtolua.so...
08-26 19:14:57.020 13671 13799 W GLTools : Dlopening /data/app/~~UcbruVBoiHQTd8f0ObL7tw==/com.tipsworks.android.pascalswager.taptap-G9qqz4yvQAYDQt5YZ_cHQA==/lib/arm64/libtolua.so...
08-26 19:14:57.022 13671 13799 W GLTools : Dlopening /data/app/~~UcbruVBoiHQTd8f0ObL7tw==/com.tipsworks.android.pascalswager.taptap-G9qqz4yvQAYDQt5YZ_cHQA==/lib/arm64/libtolua.so...
08-26 19:14:57.024 13671 13799 W GLTools : Dlopening /data/app/~~UcbruVBoiHQTd8f0ObL7tw==/com.tipsworks.android.pascalswager.taptap-G9qqz4yvQAYDQt5YZ_cHQA==/lib/arm64/libtolua.so...
08-26 19:14:57.026 13671 13799 W GLTools : Dlopening /data/app/~~UcbruVBoiHQTd8f0ObL7tw==/com.tipsworks.android.pascalswager.taptap-G9qqz4yvQAYDQt5YZ_cHQA==/lib/arm64/libtolua.so...
08-26 19:14:57.028 13671 13799 W GLTools : Dlopening /data/app/~~UcbruVBoiHQTd8f0ObL7tw==/com.tipsworks.android.pascalswager.taptap-G9qqz4yvQAYDQt5YZ_cHQA==/lib/arm64/libtolua.so...
08-26 19:14:57.031 13671 13799 W GLTools : Dlopening /data/app/~~UcbruVBoiHQTd8f0ObL7tw==/com.tipsworks.android.pascalswager.taptap-G9qqz4yvQAYDQt5YZ_cHQA==/lib/arm64/libtolua.so...
08-26 19:14:57.033 13671 13799 W GLTools : Dlopening /data/app/~~UcbruVBoiHQTd8f0ObL7tw==/com.tipsworks.android.pascalswager.taptap-G9qqz4yvQAYDQt5YZ_cHQA==/lib/arm64/libtolua.so...
08-26 19:14:57.176 13671 13799 W GLTools : Dlopening /data/app/~~UcbruVBoiHQTd8f0ObL7tw==/com.tipsworks.android.pascalswager.taptap-G9qqz4yvQAYDQt5YZ_cHQA==/lib/arm64/libtolua.so...
08-26 19:14:57.180 13671 13799 W GLTools : Dlopening /data/app/~~UcbruVBoiHQTd8f0ObL7tw==/com.tipsworks.android.pascalswager.taptap-G9qqz4yvQAYDQt5YZ_cHQA==/lib/arm64/libtolua.so...
08-26 19:14:57.182 13671 13799 W GLTools : Dlopening /data/app/~~UcbruVBoiHQTd8f0ObL7tw==/com.tipsworks.android.pascalswager.taptap-G9qqz4yvQAYDQt5YZ_cHQA==/lib/arm64/libtolua.so...
08-26 19:14:57.184 13671 13799 W GLTools : Dlopening /data/app/~~UcbruVBoiHQTd8f0ObL7tw==/com.tipsworks.android.pascalswager.taptap-G9qqz4yvQAYDQt5YZ_cHQA==/lib/arm64/libtolua.so...
08-26 19:14:57.232 13671 13799 W GLTools : Dlopening /data/app/~~UcbruVBoiHQTd8f0ObL7tw==/com.tipsworks.android.pascalswager.taptap-G9qqz4yvQAYDQt5YZ_cHQA==/lib/arm64/libfmodstudio.so...
08-26 19:14:57.235 13671 13799 W GLTools : Dlopening /data/app/~~UcbruVBoiHQTd8f0ObL7tw==/com.tipsworks.android.pascalswager.taptap-G9qqz4yvQAYDQt5YZ_cHQA==/lib/arm64/libfmodstudio.so...
08-26 19:15:03.147 13671 13799 W GLTools : Dlopening /data/app/~~UcbruVBoiHQTd8f0ObL7tw==/com.tipsworks.android.pascalswager.taptap-G9qqz4yvQAYDQt5YZ_cHQA==/lib/arm64/libfmodstudio.so...
08-26 19:15:03.155 13671 13799 W GLTools : Dlopening /data/app/~~UcbruVBoiHQTd8f0ObL7tw==/com.tipsworks.android.pascalswager.taptap-G9qqz4yvQAYDQt5YZ_cHQA==/lib/arm64/libfmodstudio.so...
08-26 19:15:03.209 13671 13799 W GLTools : Dlopening /data/app/~~UcbruVBoiHQTd8f0ObL7tw==/com.tipsworks.android.pascalswager.taptap-G9qqz4yvQAYDQt5YZ_cHQA==/lib/arm64/libfmodstudio.so...
08-26 19:15:03.216 13671 13799 W GLTools : Dlopening /data/app/~~UcbruVBoiHQTd8f0ObL7tw==/com.tipsworks.android.pascalswager.taptap-G9qqz4yvQAYDQt5YZ_cHQA==/lib/arm64/libfmodstudio.so...
08-26 19:15:03.228 13671 13799 W GLTools : Dlopening /data/app/~~UcbruVBoiHQTd8f0ObL7tw==/com.tipsworks.android.pascalswager.taptap-G9qqz4yvQAYDQt5YZ_cHQA==/lib/arm64/libtolua.so...
08-26 19:15:03.232 13671 13799 W GLTools : Dlopening /data/app/~~UcbruVBoiHQTd8f0ObL7tw==/com.tipsworks.android.pascalswager.taptap-G9qqz4yvQAYDQt5YZ_cHQA==/lib/arm64/libtolua.so...
08-26 19:15:03.237 13671 13799 W GLTools : Dlopening /data/app/~~UcbruVBoiHQTd8f0ObL7tw==/com.tipsworks.android.pascalswager.taptap-G9qqz4yvQAYDQt5YZ_cHQA==/lib/arm64/libtolua.so...
08-26 19:15:03.241 13671 13799 W GLTools : Dlopening /data/app/~~UcbruVBoiHQTd8f0ObL7tw==/com.tipsworks.android.pascalswager.taptap-G9qqz4yvQAYDQt5YZ_cHQA==/lib/arm64/libtolua.so...
08-26 19:15:03.244 13671 13799 W GLTools : Dlopening /data/app/~~UcbruVBoiHQTd8f0ObL7tw==/com.tipsworks.android.pascalswager.taptap-G9qqz4yvQAYDQt5YZ_cHQA==/lib/arm64/libtolua.so...
08-26 19:15:03.247 13671 13799 W GLTools : Dlopening /data/app/~~UcbruVBoiHQTd8f0ObL7tw==/com.tipsworks.android.pascalswager.taptap-G9qqz4yvQAYDQt5YZ_cHQA==/lib/arm64/libtolua.so...
08-26 19:15:03.249 13671 13799 W GLTools : Dlopening /data/app/~~UcbruVBoiHQTd8f0ObL7tw==/com.tipsworks.android.pascalswager.taptap-G9qqz4yvQAYDQt5YZ_cHQA==/lib/arm64/libfmodstudio.so...
08-26 19:15:03.252 13671 13799 W GLTools : Dlopening /data/app/~~UcbruVBoiHQTd8f0ObL7tw==/com.tipsworks.android.pascalswager.taptap-G9qqz4yvQAYDQt5YZ_cHQA==/lib/arm64/libfmodstudio.so...
08-26 19:15:03.254 13671 13799 W GLTools : Dlopening /data/app/~~UcbruVBoiHQTd8f0ObL7tw==/com.tipsworks.android.pascalswager.taptap-G9qqz4yvQAYDQt5YZ_cHQA==/lib/arm64/libfmodstudio.so...
08-26 19:15:03.256 13671 13799 W GLTools : Dlopening /data/app/~~UcbruVBoiHQTd8f0ObL7tw==/com.tipsworks.android.pascalswager.taptap-G9qqz4yvQAYDQt5YZ_cHQA==/lib/arm64/libfmodstudio.so...
08-26 19:15:03.258 13671 13799 W GLTools : Dlopening /data/app/~~UcbruVBoiHQTd8f0ObL7tw==/com.tipsworks.android.pascalswager.taptap-G9qqz4yvQAYDQt5YZ_cHQA==/lib/arm64/libtolua.so...
08-26 19:15:03.261 13671 13799 W GLTools : Dlopening /data/app/~~UcbruVBoiHQTd8f0ObL7tw==/com.tipsworks.android.pascalswager.taptap-G9qqz4yvQAYDQt5YZ_cHQA==/lib/arm64/libtolua.so...
08-26 19:15:03.263 13671 13799 W GLTools : Dlopening /data/app/~~UcbruVBoiHQTd8f0ObL7tw==/com.tipsworks.android.pascalswager.taptap-G9qqz4yvQAYDQt5YZ_cHQA==/lib/arm64/libtolua.so...
08-26 19:15:03.265 13671 13799 W GLTools : Dlopening /data/app/~~UcbruVBoiHQTd8f0ObL7tw==/com.tipsworks.android.pascalswager.taptap-G9qqz4yvQAYDQt5YZ_cHQA==/lib/arm64/libtolua.so...
08-26 19:15:03.271 13671 13799 I Unity   : 19:15:03.270-13: +result+achievement+achievement_finish+1 [10001]
08-26 19:15:03.271 13671 13799 I Unity   :                                       +2 [11010]
08-26 19:15:03.271 13671 13799 I Unity   :                                       +3 [11001]
08-26 19:15:03.271 13671 13799 I Unity   :                                       +4 [11002]
08-26 19:15:03.271 13671 13799 I Unity   :                                       +5 [11003]
08-26 19:15:03.271 13671 13799 I Unity   :                                       +6 [11004]
08-26 19:15:03.271 13671 13799 I Unity   :                                       +7 [11005]
08-26 19:15:03.271 13671 13799 I Unity   : LuaInterface.Debugger:Log(String)
08-26 19:15:03.271 13671 13799 I Unity   : LuaInterface.ToLua:Print(IntPtr)
08-26 19:15:03.271 13671 13799 I Unity   :  
08-26 19:15:03.271 13671 13799 I Unity   : (Filename: ./Runtime/Export/Debug.bindings.h Line: 45)
08-26 19:15:03.271 13671 13799 I Unity   : 
